******************************************************************************
                  TI ARM Linker PC v16.9.4                     
******************************************************************************
>> Linked Thu Aug 24 15:02:21 2023

OUTPUT FILE NAME:   <Led_switch.out>
ENTRY POINT SYMBOL: "_c_int00"  address: 00001179


MEMORY CONFIGURATION

         name            origin    length      used     unused   attr    fill
----------------------  --------  ---------  --------  --------  ----  --------
  FLASH                 00000000   00040000  000013fc  0003ec04  R  X
  SRAM                  20000000   00008000  0000082e  000077d2  RW X


SEGMENT ALLOCATION MAP

run origin  load origin   length   init length attrs members
----------  ----------- ---------- ----------- ----- -------
00000000    00000000    00001400   00001400    r-x
  00000000    00000000    0000026c   0000026c    r-- .intvecs
  0000026c    0000026c    00001158   00001158    r-x .text
  000013c8    000013c8    00000038   00000038    r-- .cinit
20000000    20000000    00000830   00000000    rw-
  20000000    20000000    00000800   00000000    rw- .stack
  20000800    20000800    00000026   00000000    rw- .data
  20000828    20000828    00000008   00000000    rw- .bss


SECTION ALLOCATION MAP

 output                                  attributes/
section   page    origin      length       input sections
--------  ----  ----------  ----------   ----------------
.intvecs   0    00000000    0000026c     
                  00000000    0000026c     tm4c123gh6pm_startup_ccs.obj (.intvecs)

.text      0    0000026c    00001158     
                  0000026c    000004dc     LCD.obj (.text)
                  00000748    000003b0     DIO.obj (.text)
                  00000af8    000002a8     GPIO_INTERRUPT.obj (.text)
                  00000da0    00000114     Systick.obj (.text)
                  00000eb4    000000d4     main.obj (.text)
                  00000f88    0000009c     rtsv7M4_T_le_v4SPD16_eabi.lib : memcpy_t2.obj (.text)
                  00001024    0000007a                                   : memset_t2.obj (.text)
                  0000109e    00000002                                   : mpu_init.obj (.text)
                  000010a0    00000070                                   : autoinit.obj (.text)
                  00001110    00000068                                   : copy_decompress_lzss.obj (.text:decompress:lzss)
                  00001178    00000054                                   : boot.obj (.text)
                  000011cc    00000054                                   : exit.obj (.text)
                  00001220    00000054                                   : ltoa.obj (.text)
                  00001274    0000004c                                   : cpy_tbl.obj (.text)
                  000012c0    0000002e     Keypad.obj (.text)
                  000012ee    00000024     BITWISE_OPERATIONS.obj (.text:CHECKBIT)
                  00001312    0000001e     BITWISE_OPERATIONS.obj (.text:CLEARBIT)
                  00001330    0000001e     BITWISE_OPERATIONS.obj (.text:SETBIT)
                  0000134e    0000001e     rtsv7M4_T_le_v4SPD16_eabi.lib : strcat.obj (.text)
                  0000136c    00000018                                   : args_main.obj (.text)
                  00001384    00000014                                   : _lock.obj (.text)
                  00001398    0000000e                                   : copy_decompress_none.obj (.text:decompress:none)
                  000013a6    0000000c                                   : copy_zero_init.obj (.text:decompress:ZI)
                  000013b2    0000000c     tm4c123gh6pm_startup_ccs.obj (.text)
                  000013be    00000004     rtsv7M4_T_le_v4SPD16_eabi.lib : pre_init.obj (.text)
                  000013c2    00000002                                   : startup.obj (.text)

.cinit     0    000013c8    00000038     
                  000013c8    00000013     (.cinit..data.load) [load image, compression = lzss]
                  000013db    00000001     --HOLE-- [fill = 0]
                  000013dc    0000000c     (__TI_handler_table)
                  000013e8    00000008     (.cinit..bss.load) [load image, compression = zero_init]
                  000013f0    00000010     (__TI_cinit_table)

.init_array 
*          0    00000000    00000000     UNINITIALIZED

.stack     0    20000000    00000800     UNINITIALIZED
                  20000000    00000800     --HOLE--

.data      0    20000800    00000026     UNINITIALIZED
                  20000800    0000000c     rtsv7M4_T_le_v4SPD16_eabi.lib : exit.obj (.data:$O1$$)
                  2000080c    0000000c     Systick.obj (.data)
                  20000818    00000008     rtsv7M4_T_le_v4SPD16_eabi.lib : _lock.obj (.data:$O1$$)
                  20000820    00000004                                   : stkdepth_vars.obj (.data)
                  20000824    00000002     main.obj (.data)

.bss       0    20000828    00000008     UNINITIALIZED
                  20000828    00000004     (.common:LCD_counter)
                  2000082c    00000004     (.common:LCD_pos)

MODULE SUMMARY

       Module                         code   ro data   rw data
       ------                         ----   -------   -------
    .\
       LCD.obj                        1244   0         8      
       DIO.obj                        944    0         0      
       GPIO_INTERRUPT.obj             680    0         0      
       tm4c123gh6pm_startup_ccs.obj   12     620       0      
       Systick.obj                    276    0         12     
       main.obj                       212    0         2      
       BITWISE_OPERATIONS.obj         96     0         0      
       Keypad.obj                     46     0         0      
    +--+------------------------------+------+---------+---------+
       Total:                         3510   620       22     
                                                              
    C:\ti\ccsv7\tools\compiler\ti-cgt-arm_16.9.4.LTS\lib\rtsv7M4_T_le_v4SPD16_eabi.lib
       memcpy_t2.obj                  156    0         0      
       memset_t2.obj                  122    0         0      
       autoinit.obj                   112    0         0      
       copy_decompress_lzss.obj       104    0         0      
       exit.obj                       84     0         12     
       boot.obj                       84     0         0      
       ltoa.obj                       84     0         0      
       cpy_tbl.obj                    76     0         0      
       strcat.obj                     30     0         0      
       _lock.obj                      20     0         8      
       args_main.obj                  24     0         0      
       copy_decompress_none.obj       14     0         0      
       copy_zero_init.obj             12     0         0      
       pre_init.obj                   4      0         0      
       stkdepth_vars.obj              0      0         4      
       mpu_init.obj                   2      0         0      
       startup.obj                    2      0         0      
    +--+------------------------------+------+---------+---------+
       Total:                         930    0         24     
                                                              
       Stack:                         0      0         2048   
       Linker Generated:              0      55        0      
    +--+------------------------------+------+---------+---------+
       Grand Total:                   4440   675       2094   


LINKER GENERATED COPY TABLES

__TI_cinit_table @ 000013f0 records: 2, size/record: 8, table size: 16
	.data: load addr=000013c8, load size=00000013 bytes, run addr=20000800, run size=00000026 bytes, compression=lzss
	.bss: load addr=000013e8, load size=00000008 bytes, run addr=20000828, run size=00000008 bytes, compression=zero_init


LINKER GENERATED HANDLER TABLE

__TI_handler_table @ 000013dc records: 3, size/record: 4, table size: 12
	index: 0, handler: __TI_decompress_lzss
	index: 1, handler: __TI_decompress_none
	index: 2, handler: __TI_zero_init


GLOBAL SYMBOLS: SORTED ALPHABETICALLY BY Name 

address   name                           
-------   ----                           
000011cd  C$$EXIT                        
000012ef  CHECKBIT                       
00001313  CLEARBIT                       
00000749  DIO_INIT                       
000008d1  DIO_WRITE                      
00000f01  GPIOF_isr                      
000012c1  Keypad_INIT                    
0000026d  LCD_INIT                       
20000828  LCD_counter                    
2000082c  LCD_pos                        
000013b3  ResetISR                       
000002fd  SEND_CHAR                      
0000042f  SEND_DATA                      
0000052d  SEND_STRING                    
00001331  SETBIT                         
UNDEFED   SHT$$INIT_ARRAY$$Base          
UNDEFED   SHT$$INIT_ARRAY$$Limit         
00000f67  SYSTICK_isr                    
00000dc9  SYS_display                    
00000e87  SYS_stop                       
00000da1  Systic_INIT                    
20000800  __STACK_END                    
00000800  __STACK_SIZE                   
20000200  __STACK_TOP                    
000013f0  __TI_CINIT_Base                
00001400  __TI_CINIT_Limit               
000013dc  __TI_Handler_Table_Base        
000013e8  __TI_Handler_Table_Limit       
000010a1  __TI_auto_init                 
20000800  __TI_cleanup_ptr               
00001111  __TI_decompress_lzss           
00001399  __TI_decompress_none           
20000804  __TI_dtors_ptr                 
20000808  __TI_enable_exit_profile_output
ffffffff  __TI_pprof_out_hndl            
ffffffff  __TI_prof_data_size            
ffffffff  __TI_prof_data_start           
00000000  __TI_static_base__             
000013a7  __TI_zero_init                 
00001025  __aeabi_memclr                 
00001025  __aeabi_memclr4                
00001025  __aeabi_memclr8                
00000f89  __aeabi_memcpy                 
00000f89  __aeabi_memcpy4                
00000f89  __aeabi_memcpy8                
00001027  __aeabi_memset                 
00001027  __aeabi_memset4                
00001027  __aeabi_memset8                
ffffffff  __binit__                      
ffffffff  __c_args__                     
0000109f  __mpu_init                     
20000000  __stack                        
0000136d  _args_main                     
00001179  _c_int00                       
20000818  _lock                          
00001393  _nop                           
0000138b  _register_lock                 
00001385  _register_unlock               
000013c3  _system_post_cinit             
000013bf  _system_pre_init               
2000081c  _unlock                        
000011d1  abort                          
ffffffff  binit                          
20000825  button                         
00000671  clear_display                  
00001275  copy_in                        
20000824  counter                        
000003c9  cursor_blink                   
0000058f  delay_ms                       
000005d1  delay_us                       
0000060b  display_control                
00000567  enable_pulse                   
000011d9  exit                           
00000000  g_pfnVectors                   
00000af9  interrupt_init                 
00001221  ltoa                           
00000eb5  main                           
20000820  main_func_sp                   
00000f89  memcpy                         
0000102d  memset                         
00000363  move_cursor                    
000006db  return_home                    
0000134f  strcat                         


GLOBAL SYMBOLS: SORTED BY Symbol Address 

address   name                           
-------   ----                           
00000000  __TI_static_base__             
00000000  g_pfnVectors                   
0000026d  LCD_INIT                       
000002fd  SEND_CHAR                      
00000363  move_cursor                    
000003c9  cursor_blink                   
0000042f  SEND_DATA                      
0000052d  SEND_STRING                    
00000567  enable_pulse                   
0000058f  delay_ms                       
000005d1  delay_us                       
0000060b  display_control                
00000671  clear_display                  
000006db  return_home                    
00000749  DIO_INIT                       
00000800  __STACK_SIZE                   
000008d1  DIO_WRITE                      
00000af9  interrupt_init                 
00000da1  Systic_INIT                    
00000dc9  SYS_display                    
00000e87  SYS_stop                       
00000eb5  main                           
00000f01  GPIOF_isr                      
00000f67  SYSTICK_isr                    
00000f89  __aeabi_memcpy                 
00000f89  __aeabi_memcpy4                
00000f89  __aeabi_memcpy8                
00000f89  memcpy                         
00001025  __aeabi_memclr                 
00001025  __aeabi_memclr4                
00001025  __aeabi_memclr8                
00001027  __aeabi_memset                 
00001027  __aeabi_memset4                
00001027  __aeabi_memset8                
0000102d  memset                         
0000109f  __mpu_init                     
000010a1  __TI_auto_init                 
00001111  __TI_decompress_lzss           
00001179  _c_int00                       
000011cd  C$$EXIT                        
000011d1  abort                          
000011d9  exit                           
00001221  ltoa                           
00001275  copy_in                        
000012c1  Keypad_INIT                    
000012ef  CHECKBIT                       
00001313  CLEARBIT                       
00001331  SETBIT                         
0000134f  strcat                         
0000136d  _args_main                     
00001385  _register_unlock               
0000138b  _register_lock                 
00001393  _nop                           
00001399  __TI_decompress_none           
000013a7  __TI_zero_init                 
000013b3  ResetISR                       
000013bf  _system_pre_init               
000013c3  _system_post_cinit             
000013dc  __TI_Handler_Table_Base        
000013e8  __TI_Handler_Table_Limit       
000013f0  __TI_CINIT_Base                
00001400  __TI_CINIT_Limit               
20000000  __stack                        
20000200  __STACK_TOP                    
20000800  __STACK_END                    
20000800  __TI_cleanup_ptr               
20000804  __TI_dtors_ptr                 
20000808  __TI_enable_exit_profile_output
20000818  _lock                          
2000081c  _unlock                        
20000820  main_func_sp                   
20000824  counter                        
20000825  button                         
20000828  LCD_counter                    
2000082c  LCD_pos                        
ffffffff  __TI_pprof_out_hndl            
ffffffff  __TI_prof_data_size            
ffffffff  __TI_prof_data_start           
ffffffff  __binit__                      
ffffffff  __c_args__                     
ffffffff  binit                          
UNDEFED   SHT$$INIT_ARRAY$$Base          
UNDEFED   SHT$$INIT_ARRAY$$Limit         

[83 symbols]
