******************************************************************************
                  TI ARM Linker PC v16.9.4                     
******************************************************************************
>> Linked Mon Aug 28 20:54:10 2023

OUTPUT FILE NAME:   <Stopwatch.out>
ENTRY POINT SYMBOL: "_c_int00"  address: 0000116d


MEMORY CONFIGURATION

         name            origin    length      used     unused   attr    fill
----------------------  --------  ---------  --------  --------  ----  --------
  FLASH                 00000000   00040000  000013c2  0003ec3e  R  X
  SRAM                  20000000   00008000  0000022d  00007dd3  RW X


SEGMENT ALLOCATION MAP

run origin  load origin   length   init length attrs members
----------  ----------- ---------- ----------- ----- -------
00000000    00000000    000013c8   000013c8    r-x
  00000000    00000000    0000026c   0000026c    r-- .intvecs
  0000026c    0000026c    0000111e   0000111e    r-x .text
  00001390    00001390    00000038   00000038    r-- .cinit
20000000    20000000    00000230   00000000    rw-
  20000000    20000000    00000200   00000000    rw- .stack
  20000200    20000200    00000025   00000000    rw- .data
  20000228    20000228    00000008   00000000    rw- .bss


SECTION ALLOCATION MAP

 output                                  attributes/
section   page    origin      length       input sections
--------  ----  ----------  ----------   ----------------
.intvecs   0    00000000    0000026c     
                  00000000    0000026c     tm4c123gh6pm_startup_ccs.obj (.intvecs)

.text      0    0000026c    0000111e     
                  0000026c    000004dc     LCD.obj (.text)
                  00000748    000003b0     DIO.obj (.text)
                  00000af8    000002a8     GPIO_INTERRUPT.obj (.text)
                  00000da0    00000114     Systick.obj (.text)
                  00000eb4    000000c8     main.obj (.text)
                  00000f7c    0000009c     rtsv7M4_T_le_v4SPD16_eabi.lib : memcpy_t2.obj (.text)
                  00001018    0000007a                                   : memset_t2.obj (.text)
                  00001092    00000002                                   : mpu_init.obj (.text)
                  00001094    00000070                                   : autoinit.obj (.text)
                  00001104    00000068                                   : copy_decompress_lzss.obj (.text:decompress:lzss)
                  0000116c    00000054                                   : boot.obj (.text)
                  000011c0    00000054                                   : exit.obj (.text)
                  00001214    00000054                                   : ltoa.obj (.text)
                  00001268    0000004c                                   : cpy_tbl.obj (.text)
                  000012b4    00000024     BITWISE_OPERATIONS.obj (.text:CHECKBIT)
                  000012d8    0000001e     BITWISE_OPERATIONS.obj (.text:CLEARBIT)
                  000012f6    0000001e     BITWISE_OPERATIONS.obj (.text:SETBIT)
                  00001314    0000001e     rtsv7M4_T_le_v4SPD16_eabi.lib : strcat.obj (.text)
                  00001332    00000002                                   : startup.obj (.text)
                  00001334    00000018                                   : args_main.obj (.text)
                  0000134c    00000014                                   : _lock.obj (.text)
                  00001360    0000000e                                   : copy_decompress_none.obj (.text:decompress:none)
                  0000136e    0000000c                                   : copy_zero_init.obj (.text:decompress:ZI)
                  0000137a    0000000c     tm4c123gh6pm_startup_ccs.obj (.text)
                  00001386    00000004     rtsv7M4_T_le_v4SPD16_eabi.lib : pre_init.obj (.text)

.cinit     0    00001390    00000038     
                  00001390    00000013     (.cinit..data.load) [load image, compression = lzss]
                  000013a3    00000001     --HOLE-- [fill = 0]
                  000013a4    0000000c     (__TI_handler_table)
                  000013b0    00000008     (.cinit..bss.load) [load image, compression = zero_init]
                  000013b8    00000010     (__TI_cinit_table)

.init_array 
*          0    00000000    00000000     UNINITIALIZED

.stack     0    20000000    00000200     UNINITIALIZED
                  20000000    00000200     --HOLE--

.data      0    20000200    00000025     UNINITIALIZED
                  20000200    0000000c     rtsv7M4_T_le_v4SPD16_eabi.lib : exit.obj (.data:$O1$$)
                  2000020c    0000000c     Systick.obj (.data)
                  20000218    00000008     rtsv7M4_T_le_v4SPD16_eabi.lib : _lock.obj (.data:$O1$$)
                  20000220    00000004                                   : stkdepth_vars.obj (.data)
                  20000224    00000001     main.obj (.data)

.bss       0    20000228    00000008     UNINITIALIZED
                  20000228    00000004     (.common:LCD_counter)
                  2000022c    00000004     (.common:LCD_pos)

MODULE SUMMARY

       Module                         code   ro data   rw data
       ------                         ----   -------   -------
    .\
       LCD.obj                        1244   0         8      
       DIO.obj                        944    0         0      
       GPIO_INTERRUPT.obj             680    0         0      
       tm4c123gh6pm_startup_ccs.obj   12     620       0      
       Systick.obj                    276    0         12     
       main.obj                       200    0         1      
       BITWISE_OPERATIONS.obj         96     0         0      
    +--+------------------------------+------+---------+---------+
       Total:                         3452   620       21     
                                                              
    C:\ti\ccsv7\tools\compiler\ti-cgt-arm_16.9.4.LTS\lib\rtsv7M4_T_le_v4SPD16_eabi.lib
       memcpy_t2.obj                  156    0         0      
       memset_t2.obj                  122    0         0      
       autoinit.obj                   112    0         0      
       copy_decompress_lzss.obj       104    0         0      
       exit.obj                       84     0         12     
       boot.obj                       84     0         0      
       ltoa.obj                       84     0         0      
       cpy_tbl.obj                    76     0         0      
       strcat.obj                     30     0         0      
       _lock.obj                      20     0         8      
       args_main.obj                  24     0         0      
       copy_decompress_none.obj       14     0         0      
       copy_zero_init.obj             12     0         0      
       pre_init.obj                   4      0         0      
       stkdepth_vars.obj              0      0         4      
       mpu_init.obj                   2      0         0      
       startup.obj                    2      0         0      
    +--+------------------------------+------+---------+---------+
       Total:                         930    0         24     
                                                              
       Stack:                         0      0         512    
       Linker Generated:              0      55        0      
    +--+------------------------------+------+---------+---------+
       Grand Total:                   4382   675       557    


LINKER GENERATED COPY TABLES

__TI_cinit_table @ 000013b8 records: 2, size/record: 8, table size: 16
	.data: load addr=00001390, load size=00000013 bytes, run addr=20000200, run size=00000025 bytes, compression=lzss
	.bss: load addr=000013b0, load size=00000008 bytes, run addr=20000228, run size=00000008 bytes, compression=zero_init


LINKER GENERATED HANDLER TABLE

__TI_handler_table @ 000013a4 records: 3, size/record: 4, table size: 12
	index: 0, handler: __TI_decompress_lzss
	index: 1, handler: __TI_decompress_none
	index: 2, handler: __TI_zero_init


GLOBAL SYMBOLS: SORTED ALPHABETICALLY BY Name 

address   name                           
-------   ----                           
000011c1  C$$EXIT                        
000012b5  CHECKBIT                       
000012d9  CLEARBIT                       
00000749  DIO_INIT                       
000008d1  DIO_WRITE                      
00000ef7  GPIOF_isr                      
0000026d  LCD_INIT                       
20000228  LCD_counter                    
2000022c  LCD_pos                        
0000137b  ResetISR                       
000002fd  SEND_CHAR                      
0000042f  SEND_DATA                      
0000052d  SEND_STRING                    
000012f7  SETBIT                         
UNDEFED   SHT$$INIT_ARRAY$$Base          
UNDEFED   SHT$$INIT_ARRAY$$Limit         
00000f5d  SYSTICK_isr                    
00000dc9  SYS_display                    
00000e87  SYS_stop                       
00000da1  Systic_INIT                    
20000200  __STACK_END                    
00000200  __STACK_SIZE                   
20000200  __STACK_TOP                    
000013b8  __TI_CINIT_Base                
000013c8  __TI_CINIT_Limit               
000013a4  __TI_Handler_Table_Base        
000013b0  __TI_Handler_Table_Limit       
00001095  __TI_auto_init                 
20000200  __TI_cleanup_ptr               
00001105  __TI_decompress_lzss           
00001361  __TI_decompress_none           
20000204  __TI_dtors_ptr                 
20000208  __TI_enable_exit_profile_output
ffffffff  __TI_pprof_out_hndl            
ffffffff  __TI_prof_data_size            
ffffffff  __TI_prof_data_start           
00000000  __TI_static_base__             
0000136f  __TI_zero_init                 
00001019  __aeabi_memclr                 
00001019  __aeabi_memclr4                
00001019  __aeabi_memclr8                
00000f7d  __aeabi_memcpy                 
00000f7d  __aeabi_memcpy4                
00000f7d  __aeabi_memcpy8                
0000101b  __aeabi_memset                 
0000101b  __aeabi_memset4                
0000101b  __aeabi_memset8                
ffffffff  __binit__                      
ffffffff  __c_args__                     
00001093  __mpu_init                     
20000000  __stack                        
00001335  _args_main                     
0000116d  _c_int00                       
20000218  _lock                          
0000135b  _nop                           
00001353  _register_lock                 
0000134d  _register_unlock               
00001333  _system_post_cinit             
00001387  _system_pre_init               
2000021c  _unlock                        
000011c5  abort                          
ffffffff  binit                          
20000224  button                         
00000671  clear_display                  
00001269  copy_in                        
000003c9  cursor_blink                   
0000058f  delay_ms                       
000005d1  delay_us                       
0000060b  display_control                
00000567  enable_pulse                   
000011cd  exit                           
00000000  g_pfnVectors                   
00000af9  interrupt_init                 
00001215  ltoa                           
00000eb5  main                           
20000220  main_func_sp                   
00000f7d  memcpy                         
00001021  memset                         
00000363  move_cursor                    
000006db  return_home                    
00001315  strcat                         


GLOBAL SYMBOLS: SORTED BY Symbol Address 

address   name                           
-------   ----                           
00000000  __TI_static_base__             
00000000  g_pfnVectors                   
00000200  __STACK_SIZE                   
0000026d  LCD_INIT                       
000002fd  SEND_CHAR                      
00000363  move_cursor                    
000003c9  cursor_blink                   
0000042f  SEND_DATA                      
0000052d  SEND_STRING                    
00000567  enable_pulse                   
0000058f  delay_ms                       
000005d1  delay_us                       
0000060b  display_control                
00000671  clear_display                  
000006db  return_home                    
00000749  DIO_INIT                       
000008d1  DIO_WRITE                      
00000af9  interrupt_init                 
00000da1  Systic_INIT                    
00000dc9  SYS_display                    
00000e87  SYS_stop                       
00000eb5  main                           
00000ef7  GPIOF_isr                      
00000f5d  SYSTICK_isr                    
00000f7d  __aeabi_memcpy                 
00000f7d  __aeabi_memcpy4                
00000f7d  __aeabi_memcpy8                
00000f7d  memcpy                         
00001019  __aeabi_memclr                 
00001019  __aeabi_memclr4                
00001019  __aeabi_memclr8                
0000101b  __aeabi_memset                 
0000101b  __aeabi_memset4                
0000101b  __aeabi_memset8                
00001021  memset                         
00001093  __mpu_init                     
00001095  __TI_auto_init                 
00001105  __TI_decompress_lzss           
0000116d  _c_int00                       
000011c1  C$$EXIT                        
000011c5  abort                          
000011cd  exit                           
00001215  ltoa                           
00001269  copy_in                        
000012b5  CHECKBIT                       
000012d9  CLEARBIT                       
000012f7  SETBIT                         
00001315  strcat                         
00001333  _system_post_cinit             
00001335  _args_main                     
0000134d  _register_unlock               
00001353  _register_lock                 
0000135b  _nop                           
00001361  __TI_decompress_none           
0000136f  __TI_zero_init                 
0000137b  ResetISR                       
00001387  _system_pre_init               
000013a4  __TI_Handler_Table_Base        
000013b0  __TI_Handler_Table_Limit       
000013b8  __TI_CINIT_Base                
000013c8  __TI_CINIT_Limit               
20000000  __stack                        
20000200  __STACK_END                    
20000200  __STACK_TOP                    
20000200  __TI_cleanup_ptr               
20000204  __TI_dtors_ptr                 
20000208  __TI_enable_exit_profile_output
20000218  _lock                          
2000021c  _unlock                        
20000220  main_func_sp                   
20000224  button                         
20000228  LCD_counter                    
2000022c  LCD_pos                        
ffffffff  __TI_pprof_out_hndl            
ffffffff  __TI_prof_data_size            
ffffffff  __TI_prof_data_start           
ffffffff  __binit__                      
ffffffff  __c_args__                     
ffffffff  binit                          
UNDEFED   SHT$$INIT_ARRAY$$Base          
UNDEFED   SHT$$INIT_ARRAY$$Limit         

[81 symbols]
